TRY
Error in line 15: Statement is not in a procedure.
COMPILE "C:\4c\projeto\app\classes\prcBO.prg"
Error in line 16: Statement is not in a procedure.
STRTOFILE('prcBO.prg: OK' + CHR(13)+CHR(10), 'C:\4c\tasks\task501\compile_result.txt', .T.)
Error in line 17: Statement is not in a procedure.
CATCH TO loErr
Error in line 18: Statement is not in a procedure.
STRTOFILE('prcBO.prg ERROR: ' + loErr.Message + CHR(13)+CHR(10), 'C:\4c\tasks\task501\compile_result.txt', .T.)
Error in line 19: Statement is not in a procedure.
ENDTRY
Error in line 20: Statement is not in a procedure.
TRY
Error in line 22: Statement is not in a procedure.
COMPILE "C:\4c\projeto\app\forms\cadastros\Formprc.prg"
Error in line 23: Statement is not in a procedure.
STRTOFILE('Formprc.prg: OK' + CHR(13)+CHR(10), 'C:\4c\tasks\task501\compile_result.txt', .T.)
Error in line 24: Statement is not in a procedure.
CATCH TO loErr
Error in line 25: Statement is not in a procedure.
STRTOFILE('Formprc.prg ERROR: ' + loErr.Message + CHR(13)+CHR(10), 'C:\4c\tasks\task501\compile_result.txt', .T.)
Error in line 26: Statement is not in a procedure.
ENDTRY
Error in line 27: Statement is not in a procedure.
