=== 17/09/2026 04:04:20 PM  mLeDados LANCOU EXCECAO ===
  pcEscolha=[INSERIR]  this_cGrupo=[11201     ]
  EXCECAO: Property FWCOMBO1 is not found.  (linha 179, proc mmontagrade)
  crSigCdGcr reccount=44 recno=4 eof=.F. Codigos=[11201     ]
  LOCATE Codigos = PADR(grupo,10) -> achou=.T. Codigos=[11201     ]
  crSigCdCli reccount=1 recno=1 eof=.F.
    Grupos=[          ] TpCads=[0] Usuars=[          ]
    Emps=[   ] Consigs=[0] Concilias=[0] DataIncs=[  /  /       :  :   AM]
  Get_Grupo.Value=[          ] ControlSource=[crSigCdCli.grupos]
  _EMPR=[001] SET(EXACT)=OFF

=== 17/09/2026 04:47:28 PM  mLeDados LANCOU EXCECAO ===
  pcEscolha=[INSERIR]  this_cGrupo=[11201     ]
  EXCECAO: Property FWCOMBO1 is not found.  (linha 179, proc mmontagrade)
  crSigCdGcr reccount=44 recno=4 eof=.F. Codigos=[11201     ]
  LOCATE Codigos = PADR(grupo,10) -> achou=.T. Codigos=[11201     ]
  crSigCdCli reccount=1 recno=1 eof=.F.
    Grupos=[          ] TpCads=[0] Usuars=[          ]
    Emps=[   ] Consigs=[0] Concilias=[0] DataIncs=[  /  /       :  :   AM]
  Get_Grupo.Value=[          ] ControlSource=[crSigCdCli.grupos]
  _EMPR=[001] SET(EXACT)=OFF
  crSigClLcr USED=.T. reccount=0
  Gradei ColumnCount=6 RecordSource=[crSigClLcr] Class=Fwgrade
    Column1 fwcombo1=.F. ControlCount=2 CurrentControl=[Text1] ControlSource=[crSigClLcr.Grupos]
    Column2 fwcombo1=.F. ControlCount=2 CurrentControl=[Text1] ControlSource=[crSigClLcr.LimCres]
    Column3 fwcombo1=.F. ControlCount=2 CurrentControl=[Text1] ControlSource=[crSigClLcr.Moedas]
    Column4 fwcombo1=.F. ControlCount=2 CurrentControl=[Text1] ControlSource=[crsigcllcr.moedas]
    Column5 fwcombo1=.F. ControlCount=2 CurrentControl=[Text1] ControlSource=[crsigcllcr.cidchaves]
    Column6 fwcombo1=.F. ControlCount=2 CurrentControl=[Text1] ControlSource=[crsigcllcr.grucontas]

