				
( 18/09/2026 11:37:21 ) Erro SQL 1002
1526
Connectivity error: [Microsoft][ODBC SQL Server Driver][TCP/IP Sockets]SQL Server especificado não encontrado.
[Microsoft][ODBC SQL Server Driver][TCP/IP Sockets]SQL Server especificado não encontrado.
08001
6
2
.NULL.
1526
Connectivity error: [Microsoft][ODBC SQL Server Driver][TCP/IP Sockets]SQL Server especificado não encontrado.
[Microsoft][ODBC SQL Server Driver][TCP/IP Sockets]ConnectionOpen (Connect()).
01000
11001
2
.NULL.
				
( 18/09/2026 11:46:33 ) Erro SQL 1455: Select * From TabelaQueNaoExiste
Programa : C:\4C\PROJETO\APP\UTILS\FABRIRTABS.FXP
1526
Connectivity error: [Microsoft][ODBC SQL Server Driver][SQL Server]Nome de objeto 'TabelaQueNaoExiste' inválido.
[Microsoft][ODBC SQL Server Driver][SQL Server]Nome de objeto 'TabelaQueNaoExiste' inválido.
S0002
208
1
.NULL.
