[2026-08-22 06:46:12] [INFO] === VFP EXECUTOR v2.0 ===
[2026-08-22 06:46:12] [INFO] Config FPW: (nao fornecido)
[2026-08-22 06:46:12] [INFO] Script PRG: C:\4c\tasks\task484\temp_slim.prg
[2026-08-22 06:46:12] [INFO] Timeout: 60 segundos
[2026-08-22 06:46:12] [INFO] Comando VFP: C:\4c\tasks\task484\temp_slim
[2026-08-22 06:46:12] [INFO] VFP output esperado em: C:\Users\roger\AppData\Local\Temp\vfp_output.txt
[2026-08-22 06:46:12] [INFO] Executando Visual FoxPro 9...
[2026-08-22 06:46:12] [INFO] Comando completo: VFP9.EXE -T C:\4c\tasks\task484\temp_slim
[2026-08-22 06:46:12] [INFO] Executando: VFP9.EXE -T C:\4c\tasks\task484\temp_slim
[2026-08-22 06:46:12] [INFO] Timeout configurado: 60 segundos
[2026-08-22 06:47:12] [ERROR] TIMEOUT: VFP9 nao finalizou em 60 segundos. Encerrando processo (PID: 11012)...
[2026-08-22 06:47:14] [INFO] VFP9 finalizado em 62.1323505 segundos
[2026-08-22 06:47:14] [INFO] Exit Code: 4
[2026-08-22 06:47:14] [INFO] 
[2026-08-22 06:47:14] [INFO] Arquivos temporarios preservados para inspecao:
[2026-08-22 06:47:14] [INFO] 
[2026-08-22 06:47:14] [ERROR] TIMEOUT: VFP9 excedeu o tempo limite de 60 segundos e foi encerrado forcadamente
[2026-08-22 06:47:29] [INFO] === VFP EXECUTOR v2.0 ===
[2026-08-22 06:47:29] [INFO] Config FPW: (nao fornecido)
[2026-08-22 06:47:29] [INFO] Script PRG: C:\4c\tasks\task484\temp_slim.prg
[2026-08-22 06:47:29] [INFO] Timeout: 90 segundos
[2026-08-22 06:47:29] [INFO] Comando VFP: C:\4c\tasks\task484\temp_slim
[2026-08-22 06:47:29] [INFO] VFP output esperado em: C:\Users\roger\AppData\Local\Temp\vfp_output.txt
[2026-08-22 06:47:29] [INFO] Executando Visual FoxPro 9...
[2026-08-22 06:47:29] [INFO] Comando completo: VFP9.EXE -T C:\4c\tasks\task484\temp_slim
[2026-08-22 06:47:29] [INFO] Executando: VFP9.EXE -T C:\4c\tasks\task484\temp_slim
[2026-08-22 06:47:29] [INFO] Timeout configurado: 90 segundos
[2026-08-22 06:47:29] [INFO] VFP9 finalizou normalmente com exit code: 
[2026-08-22 06:47:30] [INFO] VFP9 finalizado em 0.3089043 segundos
[2026-08-22 06:47:30] [INFO] Exit Code: 
[2026-08-22 06:47:30] [INFO] 
[2026-08-22 06:47:30] [INFO] Arquivos temporarios preservados para inspecao:
[2026-08-22 06:47:30] [INFO] 
[2026-08-22 06:47:30] [WARN] AVISO: VFP9 retornou exit code  (normal para VFP9 GUI - validar pelo arquivo de saida)
[2026-08-22 06:47:51] [INFO] === VFP EXECUTOR v2.0 ===
[2026-08-22 06:47:51] [INFO] Config FPW: (nao fornecido)
[2026-08-22 06:47:51] [INFO] Script PRG: C:\4c\projeto\app\utils\ExtratoReduzidoSimples.prg
[2026-08-22 06:47:51] [INFO] Timeout: 120 segundos
[2026-08-22 06:47:51] [INFO] Wrapper PRG criado para parametros: C:\Users\roger\AppData\Local\Temp\vfp_wrapper_kt3dzcld.prg
[2026-08-22 06:47:51] [INFO] Conteudo do wrapper:
[2026-08-22 06:47:51] [INFO] * Auto-generated wrapper for parameters
* Script: C:\4c\projeto\app\utils\ExtratoReduzidoSimples.prg
* Parameters: 'C:\4c\tasks\task484\SIGCDPAT_form_codigo_fonte.txt', 300

* Anti-dialog protections for unattended execution
SET SAFETY OFF
SET RESOURCE OFF
SET TALK OFF
SET NOTIFY OFF
SYS(2335, 0)

DO "C:\4c\projeto\app\utils\ExtratoReduzidoSimples" WITH 'C:\4c\tasks\task484\SIGCDPAT_form_codigo_fonte.txt', 300
QUIT

[2026-08-22 06:47:51] [INFO] Comando VFP: C:\Users\roger\AppData\Local\Temp\vfp_wrapper_kt3dzcld.prg
[2026-08-22 06:47:51] [INFO] VFP output esperado em: C:\4c\tasks\task484\vfp_output_slim.txt
[2026-08-22 06:47:51] [INFO] Executando Visual FoxPro 9...
[2026-08-22 06:47:51] [INFO] Comando completo: VFP9.EXE -T C:\Users\roger\AppData\Local\Temp\vfp_wrapper_kt3dzcld.prg
[2026-08-22 06:47:51] [INFO] Executando: VFP9.EXE -T C:\Users\roger\AppData\Local\Temp\vfp_wrapper_kt3dzcld.prg
[2026-08-22 06:47:51] [INFO] Timeout configurado: 120 segundos
[2026-08-22 06:47:51] [INFO] VFP9 finalizou normalmente com exit code: 
[2026-08-22 06:47:51] [INFO] VFP9 finalizado em 0.2768905 segundos
[2026-08-22 06:47:51] [INFO] Exit Code: 
[2026-08-22 06:47:51] [INFO] 
[2026-08-22 06:47:51] [INFO] Arquivos temporarios preservados para inspecao:
[2026-08-22 06:47:51] [INFO]   Wrapper.prg: C:\Users\roger\AppData\Local\Temp\vfp_wrapper_kt3dzcld.prg
[2026-08-22 06:47:51] [INFO] 
[2026-08-22 06:47:51] [INFO] === Conteudo do Wrapper.prg temporario ===
[2026-08-22 06:47:51] [INFO] * Auto-generated wrapper for parameters
[2026-08-22 06:47:51] [INFO] * Script: C:\4c\projeto\app\utils\ExtratoReduzidoSimples.prg
[2026-08-22 06:47:51] [INFO] * Parameters: 'C:\4c\tasks\task484\SIGCDPAT_form_codigo_fonte.txt', 300
[2026-08-22 06:47:51] [INFO] 
[2026-08-22 06:47:51] [INFO] * Anti-dialog protections for unattended execution
[2026-08-22 06:47:51] [INFO] SET SAFETY OFF
[2026-08-22 06:47:51] [INFO] SET RESOURCE OFF
[2026-08-22 06:47:51] [INFO] SET TALK OFF
[2026-08-22 06:47:51] [INFO] SET NOTIFY OFF
[2026-08-22 06:47:51] [INFO] SYS(2335, 0)
[2026-08-22 06:47:51] [INFO] 
[2026-08-22 06:47:51] [INFO] DO "C:\4c\projeto\app\utils\ExtratoReduzidoSimples" WITH 'C:\4c\tasks\task484\SIGCDPAT_form_codigo_fonte.txt', 300
[2026-08-22 06:47:51] [INFO] QUIT
[2026-08-22 06:47:51] [INFO] 
[2026-08-22 06:47:51] [INFO] === Fim do Wrapper.prg ===
[2026-08-22 06:47:51] [WARN] AVISO: VFP9 retornou exit code  (normal para VFP9 GUI - validar pelo arquivo de saida)
