THIS.this_cCodTransp = ALLTRIM(ISNULL(CodTransp, ""))
Error in line 155: Too many arguments.
THIS.this_cContas    = ALLTRIM(ISNULL(Contas, ""))
Error in line 156: Too many arguments.
THIS.this_cDepOrig   = ALLTRIM(ISNULL(DepOrig, ""))
Error in line 157: Too many arguments.
THIS.this_cDepDest   = ALLTRIM(ISNULL(DepDest, ""))
Error in line 158: Too many arguments.
THIS.this_cObs       = ALLTRIM(ISNULL(ObsVal, ""))
Error in line 159: Too many arguments.
THIS.this_nNAceite   = ISNULL(nAceite, 0)
Error in line 160: Too many arguments.
THIS.this_cUsuarios  = ALLTRIM(ISNULL(Usuarios, ""))
Error in line 162: Too many arguments.
THIS.this_nValor     = ISNULL(Valor, 0)
Error in line 163: Too many arguments.
THIS.this_cCidChaves = ALLTRIM(ISNULL(CidChaves, ""))
Error in line 164: Too many arguments.
loc_cXml     = ALLTRIM(ISNULL(nfexml, ""))
Error in line 519: Too many arguments.
IF ISNULL(chkgnre, 0) = 1
Error in line 532: Too many arguments.
loc_cRazao    = ALLTRIM(ISNULL(Razaos, ""))
Error in line 572: Too many arguments.
loc_cDesc = ALLTRIM(ISNULL(Descricaos, ""))
Error in line 601: Too many arguments.
loc_cRClis = ALLTRIM(ISNULL(RClis, ""))
Error in line 630: Too many arguments.
loc_cRClis = ALLTRIM(ISNULL(RClis, ""))
Error in line 735: Too many arguments.
