[2026-10-07 17:55:36] [INFO] === VFP EXECUTOR v2.0 ===
[2026-10-07 17:55:37] [INFO] Config FPW: (nao fornecido)
[2026-10-07 17:55:37] [INFO] Script PRG: C:\4c\projeto\app\utils\GeradorMapeamento.prg
[2026-10-07 17:55:37] [INFO] Timeout: 300 segundos
[2026-10-07 17:55:37] [INFO] Wrapper PRG criado para parametros: C:\Users\roger\AppData\Local\Temp\vfp_wrapper_wfdxy32v.prg
[2026-10-07 17:55:37] [INFO] Conteudo do wrapper:
[2026-10-07 17:55:37] [INFO] * Auto-generated wrapper for parameters
* Script: C:\4c\projeto\app\utils\GeradorMapeamento.prg
* Parameters: 'C:\4c\tasks\task626\SIGPRIFF_form_codigo_fonte.txt', 'C:\4c\tasks\task626'

* Anti-dialog protections for unattended execution
SET SAFETY OFF
SET RESOURCE OFF
SET TALK OFF
SET NOTIFY OFF
SYS(2335, 0)

DO "C:\4c\projeto\app\utils\GeradorMapeamento" WITH 'C:\4c\tasks\task626\SIGPRIFF_form_codigo_fonte.txt', 'C:\4c\tasks\task626'
QUIT

[2026-10-07 17:55:37] [INFO] Comando VFP: C:\Users\roger\AppData\Local\Temp\vfp_wrapper_wfdxy32v.prg
[2026-10-07 17:55:38] [INFO] VFP output esperado em: C:\4c\tasks\task626\vfp_output.txt
[2026-10-07 17:55:38] [INFO] Executando Visual FoxPro 9...
[2026-10-07 17:55:38] [INFO] Comando completo: VFP9.EXE -T C:\Users\roger\AppData\Local\Temp\vfp_wrapper_wfdxy32v.prg
[2026-10-07 17:55:38] [INFO] Executando: VFP9.EXE -T C:\Users\roger\AppData\Local\Temp\vfp_wrapper_wfdxy32v.prg
[2026-10-07 17:55:38] [INFO] Timeout configurado: 300 segundos
[2026-10-07 17:55:39] [INFO] VFP9 finalizou normalmente com exit code: 
[2026-10-07 17:55:39] [INFO] VFP9 finalizado em 1.1409497 segundos
[2026-10-07 17:55:39] [INFO] Exit Code: 
[2026-10-07 17:55:39] [INFO] 
[2026-10-07 17:55:40] [INFO] Arquivos temporarios preservados para inspecao:
[2026-10-07 17:55:40] [INFO]   Wrapper.prg: C:\Users\roger\AppData\Local\Temp\vfp_wrapper_wfdxy32v.prg
[2026-10-07 17:55:40] [INFO] 
[2026-10-07 17:55:40] [INFO] === Conteudo do Wrapper.prg temporario ===
[2026-10-07 17:55:40] [INFO] * Auto-generated wrapper for parameters
[2026-10-07 17:55:40] [INFO] * Script: C:\4c\projeto\app\utils\GeradorMapeamento.prg
[2026-10-07 17:55:40] [INFO] * Parameters: 'C:\4c\tasks\task626\SIGPRIFF_form_codigo_fonte.txt', 'C:\4c\tasks\task626'
[2026-10-07 17:55:41] [INFO] 
[2026-10-07 17:55:41] [INFO] * Anti-dialog protections for unattended execution
[2026-10-07 17:55:41] [INFO] SET SAFETY OFF
[2026-10-07 17:55:41] [INFO] SET RESOURCE OFF
[2026-10-07 17:55:41] [INFO] SET TALK OFF
[2026-10-07 17:55:41] [INFO] SET NOTIFY OFF
[2026-10-07 17:55:41] [INFO] SYS(2335, 0)
[2026-10-07 17:55:41] [INFO] 
[2026-10-07 17:55:41] [INFO] DO "C:\4c\projeto\app\utils\GeradorMapeamento" WITH 'C:\4c\tasks\task626\SIGPRIFF_form_codigo_fonte.txt', 'C:\4c\tasks\task626'
[2026-10-07 17:55:42] [INFO] QUIT
[2026-10-07 17:55:42] [INFO] 
[2026-10-07 17:55:42] [INFO] === Fim do Wrapper.prg ===
[2026-10-07 17:55:42] [WARN] AVISO: VFP9 retornou exit code  (normal para VFP9 GUI - validar pelo arquivo de saida)
