[2026-08-23 05:00:56] [INFO] === VFP EXECUTOR v2.0 ===
[2026-08-23 05:00:56] [INFO] Config FPW: (nao fornecido)
[2026-08-23 05:00:56] [INFO] Script PRG: C:\4c\projeto\app\utils\GeradorMapeamento.prg
[2026-08-23 05:00:56] [INFO] Timeout: 300 segundos
[2026-08-23 05:00:56] [INFO] Wrapper PRG criado para parametros: C:\Users\roger\AppData\Local\Temp\vfp_wrapper_5gec5u40.prg
[2026-08-23 05:00:56] [INFO] Conteudo do wrapper:
[2026-08-23 05:00:56] [INFO] * Auto-generated wrapper for parameters
* Script: C:\4c\projeto\app\utils\GeradorMapeamento.prg
* Parameters: 'C:\4c\tasks\task507\SIGCDRAN_form_codigo_fonte.txt', 'C:\4c\tasks\task507'

* Anti-dialog protections for unattended execution
SET SAFETY OFF
SET RESOURCE OFF
SET TALK OFF
SET NOTIFY OFF
SYS(2335, 0)

DO "C:\4c\projeto\app\utils\GeradorMapeamento" WITH 'C:\4c\tasks\task507\SIGCDRAN_form_codigo_fonte.txt', 'C:\4c\tasks\task507'
QUIT

[2026-08-23 05:00:56] [INFO] Comando VFP: C:\Users\roger\AppData\Local\Temp\vfp_wrapper_5gec5u40.prg
[2026-08-23 05:00:56] [INFO] VFP output esperado em: C:\4c\tasks\task507\vfp_output.txt
[2026-08-23 05:00:56] [INFO] Executando Visual FoxPro 9...
[2026-08-23 05:00:56] [INFO] Comando completo: VFP9.EXE -T C:\Users\roger\AppData\Local\Temp\vfp_wrapper_5gec5u40.prg
[2026-08-23 05:00:56] [INFO] Executando: VFP9.EXE -T C:\Users\roger\AppData\Local\Temp\vfp_wrapper_5gec5u40.prg
[2026-08-23 05:00:56] [INFO] Timeout configurado: 300 segundos
[2026-08-23 05:00:56] [INFO] VFP9 finalizou normalmente com exit code: 
[2026-08-23 05:00:56] [INFO] VFP9 finalizado em 0.4497909 segundos
[2026-08-23 05:00:56] [INFO] Exit Code: 
[2026-08-23 05:00:56] [INFO] 
[2026-08-23 05:00:56] [INFO] Arquivos temporarios preservados para inspecao:
[2026-08-23 05:00:56] [INFO]   Wrapper.prg: C:\Users\roger\AppData\Local\Temp\vfp_wrapper_5gec5u40.prg
[2026-08-23 05:00:56] [INFO] 
[2026-08-23 05:00:56] [INFO] === Conteudo do Wrapper.prg temporario ===
[2026-08-23 05:00:56] [INFO] * Auto-generated wrapper for parameters
[2026-08-23 05:00:56] [INFO] * Script: C:\4c\projeto\app\utils\GeradorMapeamento.prg
[2026-08-23 05:00:56] [INFO] * Parameters: 'C:\4c\tasks\task507\SIGCDRAN_form_codigo_fonte.txt', 'C:\4c\tasks\task507'
[2026-08-23 05:00:56] [INFO] 
[2026-08-23 05:00:56] [INFO] * Anti-dialog protections for unattended execution
[2026-08-23 05:00:56] [INFO] SET SAFETY OFF
