[2026-08-22 07:37:29] [INFO] === VFP EXECUTOR v2.0 ===
[2026-08-22 07:37:29] [INFO] Config FPW: (nao fornecido)
[2026-08-22 07:37:29] [INFO] Script PRG: C:\4c\automation\vfp_helpers\ExtratorLayout.prg
[2026-08-22 07:37:29] [INFO] Timeout: 300 segundos
[2026-08-22 07:37:29] [ERROR] ERRO: Script PRG nao encontrado: C:\4c\automation\vfp_helpers\ExtratorLayout.prg
[2026-08-22 07:37:48] [INFO] === VFP EXECUTOR v2.0 ===
[2026-08-22 07:37:48] [INFO] Config FPW: (nao fornecido)
[2026-08-22 07:37:48] [INFO] Script PRG: C:\4c\projeto\app\utils\ExtratorLayout.prg
[2026-08-22 07:37:48] [INFO] Timeout: 300 segundos
[2026-08-22 07:37:48] [INFO] Wrapper PRG criado para parametros: C:\Users\roger\AppData\Local\Temp\vfp_wrapper_34tvreto.prg
[2026-08-22 07:37:48] [INFO] Conteudo do wrapper:
[2026-08-22 07:37:48] [INFO] * Auto-generated wrapper for parameters
* Script: C:\4c\projeto\app\utils\ExtratorLayout.prg
* Parameters: 'C:\4c\tasks\task485\SIGCDPEN.SCX', 'C:\4c\tasks\task485'

* Anti-dialog protections for unattended execution
SET SAFETY OFF
SET RESOURCE OFF
SET TALK OFF
SET NOTIFY OFF
SYS(2335, 0)

DO "C:\4c\projeto\app\utils\ExtratorLayout" WITH 'C:\4c\tasks\task485\SIGCDPEN.SCX', 'C:\4c\tasks\task485'
QUIT

[2026-08-22 07:37:48] [INFO] Comando VFP: C:\Users\roger\AppData\Local\Temp\vfp_wrapper_34tvreto.prg
[2026-08-22 07:37:48] [INFO] VFP output esperado em: C:\Users\roger\AppData\Local\Temp\vfp_output.txt
[2026-08-22 07:37:48] [INFO] Executando Visual FoxPro 9...
[2026-08-22 07:37:48] [INFO] Comando completo: VFP9.EXE -T C:\Users\roger\AppData\Local\Temp\vfp_wrapper_34tvreto.prg
[2026-08-22 07:37:48] [INFO] Executando: VFP9.EXE -T C:\Users\roger\AppData\Local\Temp\vfp_wrapper_34tvreto.prg
[2026-08-22 07:37:48] [INFO] Timeout configurado: 300 segundos
[2026-08-22 07:37:49] [INFO] VFP9 finalizou normalmente com exit code: 
[2026-08-22 07:37:49] [INFO] VFP9 finalizado em 0.2682308 segundos
[2026-08-22 07:37:49] [INFO] Exit Code: 
[2026-08-22 07:37:49] [INFO] 
[2026-08-22 07:37:49] [INFO] Arquivos temporarios preservados para inspecao:
[2026-08-22 07:37:49] [INFO]   Wrapper.prg: C:\Users\roger\AppData\Local\Temp\vfp_wrapper_34tvreto.prg
[2026-08-22 07:37:49] [INFO] 
[2026-08-22 07:37:49] [INFO] === Conteudo do Wrapper.prg temporario ===
[2026-08-22 07:37:49] [INFO] * Auto-generated wrapper for parameters
[2026-08-22 07:37:49] [INFO] * Script: C:\4c\projeto\app\utils\ExtratorLayout.prg
[2026-08-22 07:37:49] [INFO] * Parameters: 'C:\4c\tasks\task485\SIGCDPEN.SCX', 'C:\4c\tasks\task485'
[2026-08-22 07:37:49] [INFO] 
[2026-08-22 07:37:49] [INFO] * Anti-dialog protections for unattended execution
[2026-08-22 07:37:49] [INFO] SET SAFETY OFF
[2026-08-22 07:37:49] [INFO] SET RESOURCE OFF
[2026-08-22 07:37:49] [INFO] SET TALK OFF
[2026-08-22 07:37:49] [INFO] SET NOTIFY OFF
[2026-08-22 07:37:49] [INFO] SYS(2335, 0)
[2026-08-22 07:37:49] [INFO] 
[2026-08-22 07:37:49] [INFO] DO "C:\4c\projeto\app\utils\ExtratorLayout" WITH 'C:\4c\tasks\task485\SIGCDPEN.SCX', 'C:\4c\tasks\task485'
[2026-08-22 07:37:49] [INFO] QUIT
[2026-08-22 07:37:49] [INFO] 
[2026-08-22 07:37:49] [INFO] === Fim do Wrapper.prg ===
[2026-08-22 07:37:49] [WARN] AVISO: VFP9 retornou exit code  (normal para VFP9 GUI - validar pelo arquivo de saida)
